
> frontend@0.0.0 build
> tsc -b && vite build

src/components/admin/StudentModal.tsx(53,35): error TS2345: Argument of type 'ZodObject<{ fullName: ZodString; email: ZodString; phoneNumber: ZodString; }, $strip> | ZodObject<{ fullName: ZodOptional<ZodString>; email: ZodOptional<...>; phoneNumber: ZodOptional<...>; }, $strip>' is not assignable to parameter of type 'ZodType<StudentFormData, unknown, $ZodTypeInternals<StudentFormData, unknown>>'.
  Type 'ZodObject<{ fullName: ZodOptional<ZodString>; email: ZodOptional<ZodString>; phoneNumber: ZodOptional<ZodString>; }, $strip>' is not assignable to type 'ZodType<StudentFormData, unknown, $ZodTypeInternals<StudentFormData, unknown>>'.
    The types of '_output.fullName' are incompatible between these types.
      Type 'string | undefined' is not assignable to type 'string'.
        Type 'undefined' is not assignable to type 'string'.
src/components/students/dashboard/EnrolledCourses.tsx(12,14): error TS2345: Argument of type 'AsyncThunkAction<any, void, AsyncThunkConfig>' is not assignable to parameter of type 'UnknownAction'.
src/components/ui/FormModal.tsx(2,23): error TS1261: Already included file name 'C:/Users/riyas/Desktop/Aptus/frontend/src/components/ui/modal.tsx' differs from file name 'C:/Users/riyas/Desktop/Aptus/frontend/src/components/ui/Modal.tsx' only in casing.
  The file is in the program because:
    Imported via "./modal" from file 'C:/Users/riyas/Desktop/Aptus/frontend/src/components/ui/FormModal.tsx'
    Imported via "./modal" from file 'C:/Users/riyas/Desktop/Aptus/frontend/src/components/ui/ConfirmationModal.tsx'
    Matched by include pattern 'src' in 'C:/Users/riyas/Desktop/Aptus/frontend/tsconfig.app.json'
src/components/video/FloatingCallOverlay.tsx(4,61): error TS6133: 'Minus' is declared but its value is never read.
src/features/admin/adminSlice.ts(788,16): error TS2552: Cannot find name 'fetchAllEnrollmentsAdmin'. Did you mean 'fetchAllMentorsAdmin'?
src/features/admin/adminSlice.ts(792,16): error TS2552: Cannot find name 'fetchAllEnrollmentsAdmin'. Did you mean 'fetchAllMentorsAdmin'?
src/features/admin/adminSlice.ts(796,16): error TS2552: Cannot find name 'fetchAllEnrollmentsAdmin'. Did you mean 'fetchAllMentorsAdmin'?
src/features/payment/paymentSlice.ts(43,55): error TS2339: Property 'data' does not exist on type 'Payment[]'.
src/pages/admin/courseRequests.tsx(105,54): error TS2339: Property '_id' does not exist on type 'CourseRequest'.
src/pages/admin/courseRequests.tsx(109,122): error TS2339: Property 'fullName' does not exist on type 'string | { id: string; fullName: string; email: string; }'.
  Property 'fullName' does not exist on type 'string'.
src/pages/admin/courseRequests.tsx(110,110): error TS2339: Property 'email' does not exist on type 'string | { id: string; fullName: string; email: string; }'.
  Property 'email' does not exist on type 'string'.
src/pages/admin/courseRequests.tsx(122,85): error TS2339: Property 'preferredTimeRange' does not exist on type 'CourseRequest'.
src/pages/admin/courseRequests.tsx(122,128): error TS2339: Property 'preferredTimeRange' does not exist on type 'CourseRequest'.
src/pages/admin/courseRequests.tsx(128,71): error TS2551: Property 'preferredDay' does not exist on type 'CourseRequest'. Did you mean 'preferredDays'?
src/pages/admin/courseRequests.tsx(144,99): error TS2339: Property '_id' does not exist on type 'CourseRequest'.
src/pages/admin/courseRequests.tsx(151,99): error TS2339: Property '_id' does not exist on type 'CourseRequest'.
src/pages/admin/courseRequests.tsx(194,17): error TS2322: Type 'CourseRequest | null' is not assignable to type 'CourseRequestData | null'.
  Property '_id' is missing in type 'CourseRequest' but required in type 'CourseRequestData'.
src/pages/admin/mentors.tsx(570,15): error TS2322: Type '(mentorData: Partial<MentorProfile>) => Promise<void>' is not assignable to type '(data: unknown) => void'.
  Types of parameters 'mentorData' and 'data' are incompatible.
    Type 'unknown' is not assignable to type 'Partial<MentorProfile>'.
src/pages/admin/student.tsx(265,55): error TS2304: Cannot find name 'AdminCreateStudentInput'.
src/pages/admin/StudentProfile.tsx(158,35): error TS2345: Argument of type 'boolean | undefined' is not assignable to parameter of type 'boolean'.
  Type 'undefined' is not assignable to type 'boolean'.
src/pages/admin/StudentProfile.tsx(172,31): error TS2769: No overload matches this call.
  Overload 1 of 4, '(value: string | number | Date): Date', gave the following error.
    Argument of type 'string | undefined' is not assignable to parameter of type 'string | number | Date'.
      Type 'undefined' is not assignable to type 'string | number | Date'.
  Overload 2 of 4, '(value: string | number): Date', gave the following error.
    Argument of type 'string | undefined' is not assignable to parameter of type 'string | number'.
      Type 'undefined' is not assignable to type 'string | number'.
src/pages/admin/StudentProfile.tsx(178,28): error TS2339: Property 'isPaid' does not exist on type 'StudentProfile'.
src/pages/admin/StudentProfile.tsx(308,39): error TS2339: Property 'name' does not exist on type 'string'.
src/pages/admin/StudentProfile.tsx(361,47): error TS2339: Property 'isPaid' does not exist on type 'StudentProfile'.
src/pages/admin/StudentProfile.tsx(432,20): error TS2339: Property 'trialClasses' does not exist on type 'StudentProfile'.
src/pages/admin/StudentProfile.tsx(432,44): error TS2339: Property 'trialClasses' does not exist on type 'StudentProfile'.
src/pages/admin/StudentProfile.tsx(436,41): error TS2339: Property 'trialClasses' does not exist on type 'StudentProfile'.
src/pages/admin/StudentProfile.tsx(457,30): error TS2339: Property 'trialClasses' does not exist on type 'StudentProfile'.
src/pages/admin/StudentProfile.tsx(457,48): error TS7006: Parameter 'trial' implicitly has an 'any' type.
src/pages/admin/StudentProfile.tsx(457,55): error TS7006: Parameter 'index' implicitly has an 'any' type.
src/pages/admin/StudentProfile.tsx(492,20): error TS2339: Property 'enrollments' does not exist on type 'StudentProfile'.
src/pages/admin/StudentProfile.tsx(492,43): error TS2339: Property 'enrollments' does not exist on type 'StudentProfile'.
src/pages/admin/StudentProfile.tsx(496,46): error TS2339: Property 'enrollments' does not exist on type 'StudentProfile'.
src/pages/admin/StudentProfile.tsx(517,30): error TS2339: Property 'enrollments' does not exist on type 'StudentProfile'.
src/pages/admin/StudentProfile.tsx(517,47): error TS7006: Parameter 'enrollment' implicitly has an 'any' type.
src/pages/admin/StudentProfile.tsx(517,59): error TS7006: Parameter 'index' implicitly has an 'any' type.
src/pages/student/WalletPage.tsx(4,27): error TS2307: Cannot find module '@/features/student/studentApi' or its corresponding type declarations.
src/pages/student/WalletPage.tsx(5,28): error TS2307: Cannot find module '@/features/auth/authSlice' or its corresponding type declarations.
src/pages/student/WalletPage.tsx(6,27): error TS2307: Cannot find module '@/components/students/StudentLayout' or its corresponding type declarations.
src/pages/student/WalletPage.tsx(7,18): error TS2307: Cannot find module '@/components/ui/Card' or its corresponding type declarations.
src/pages/student/WalletPage.tsx(89,29): error TS2339: Property 'referralCode' does not exist on type '{}'.
